Node 0 MemTotal:       47931220 kB
Node 0 MemFree:         3812644 kB
Node 0 MemUsed:        44118576 kB
Node 0 Active:         16845692 kB
Node 0 Inactive:       25091316 kB
Node 0 Active(anon):   15690676 kB
Node 0 Inactive(anon):   206636 kB
Node 0 Active(file):    1155016 kB
Node 0 Inactive(file): 24884680 kB
Node 0 Unevictable:        6984 kB
Node 0 Mlocked:            6984 kB
Node 0 Dirty:              2160 kB
Node 0 Writeback:             0 kB
Node 0 FilePages:      26351988 kB
Node 0 Mapped:           211884 kB
Node 0 AnonPages:      15592200 kB
Node 0 Shmem:            453060 kB
Node 0 KernelStack:      120436 kB
Node 0 PageTables:        69208 kB
Node 0 NFS_Unstable:          0 kB
Node 0 Bounce:                0 kB
Node 0 WritebackTmp:          0 kB
Node 0 Slab:            1133744 kB
Node 0 SReclaimable:     806572 kB
Node 0 SUnreclaim:       327172 kB
Node 0 AnonHugePages:         0 kB
Node 0 ShmemHugePages:        0 kB
Node 0 ShmemPmdMapped:        0 kB
Node 0 HugePages_Total:     0
Node 0 HugePages_Free:      0
Node 0 HugePages_Surp:      0